This is pdfTeX, Version 3.141592653-2.6-1.40.29 (TeX Live 2026) (preloaded format=pdflatex 2026.4.4)  4 APR 2026 23:21
entering extended mode
 restricted \write18 enabled.
 %&-line parsing enabled.
**main.tex
(./main.tex
LaTeX2e <2025-11-01>
L3 programming layer <2026-01-19>
(/usr/local/texlive/2026basic/texmf-dist/tex/latex/base/article.cls
Document Class: article 2025/01/22 v1.4n Standard LaTeX document class
(/usr/local/texlive/2026basic/texmf-dist/tex/latex/base/size10.clo
File: size10.clo 2025/01/22 v1.4n Standard LaTeX file (size option)
)
\c@part=\count275
\c@section=\count276
\c@subsection=\count277
\c@subsubsection=\count278
\c@paragraph=\count279
\c@subparagraph=\count280
\c@figure=\count281
\c@table=\count282
\abovecaptionskip=\skip49
\belowcaptionskip=\skip50
\bibindent=\dimen148
)
(/usr/local/texlive/2026basic/texmf-dist/tex/latex/booktabs/booktabs.sty
Package: booktabs 2020/01/12 v1.61803398 Publication quality tables
\heavyrulewidth=\dimen149
\lightrulewidth=\dimen150
\cmidrulewidth=\dimen151
\belowrulesep=\dimen152
\belowbottomsep=\dimen153
\aboverulesep=\dimen154
\abovetopsep=\dimen155
\cmidrulesep=\dimen156
\cmidrulekern=\dimen157
\defaultaddspace=\dimen158
\@cmidla=\count283
\@cmidlb=\count284
\@aboverulesep=\dimen159
\@belowrulesep=\dimen160
\@thisruleclass=\count285
\@lastruleclass=\count286
\@thisrulewidth=\dimen161
)
(/Users/vernias/Library/texmf/tex/latex/arydshln/arydshln.sty
Package: arydshln 2019/02/21 v1.76 
\dashlinedash=\dimen162
\dashlinegap=\dimen163
\adl@box=\box53
\adl@height=\dimen164
\adl@heightsave=\dimen165
\adl@depth=\dimen166
\adl@depthsave=\dimen167
\adl@finaldepth=\dimen168
\adl@columns=\count287
\adl@ncol=\count288
\adl@currentcolumn=\count289
\adl@currentcolumnsave=\count290
\adl@totalheight=\count291
\adl@totalheightsave=\count292
\adl@dash=\count293
\adl@gap=\count294
\adl@cla=\count295
\adl@clb=\count296
\adl@everyvbox=\toks17
\adl@LTpagetotal=\dimen169
)
==> First Aid for arydshln.sty applied!
(/Users/vernias/Library/texmf/tex/latex/placeins/placeins.sty
Package: placeins 2005/04/18  v 2.2
)
(/Users/vernias/Library/texmf/tex/latex/sectsty/sectsty.sty
Package: sectsty 2002/02/25 v2.0.2 Commands to change all sectional heading sty
les


LaTeX Warning: Command \underbar  has changed.
               Check if current package is valid.


LaTeX Warning: Command \underline  has changed.
               Check if current package is valid.

) (/usr/local/texlive/2026basic/texmf-dist/tex/latex/geometry/geometry.sty
Package: geometry 2020/01/02 v5.9 Page Geometry

(/usr/local/texlive/2026basic/texmf-dist/tex/latex/graphics/keyval.sty
Package: keyval 2022/05/29 v1.15 key=value parser (DPC)
\KV@toks@=\toks18
)
(/usr/local/texlive/2026basic/texmf-dist/tex/generic/iftex/ifvtex.sty
Package: ifvtex 2019/10/25 v1.7 ifvtex legacy package. Use iftex instead.

(/usr/local/texlive/2026basic/texmf-dist/tex/generic/iftex/iftex.sty
Package: iftex 2024/12/12 v1.0g TeX engine tests
))
\Gm@cnth=\count297
\Gm@cntv=\count298
\c@Gm@tempcnt=\count299
\Gm@bindingoffset=\dimen170
\Gm@wd@mp=\dimen171
\Gm@odd@mp=\dimen172
\Gm@even@mp=\dimen173
\Gm@layoutwidth=\dimen174
\Gm@layoutheight=\dimen175
\Gm@layouthoffset=\dimen176
\Gm@layoutvoffset=\dimen177
\Gm@dimlist=\toks19
)
(/Users/vernias/Library/texmf/tex/latex/fontawesome/fontawesome.sty
Package: fontawesome 2016/05/15 v4.6.3.1 font awesome icons

(/usr/local/texlive/2026basic/texmf-dist/tex/generic/iftex/ifxetex.sty
Package: ifxetex 2019/10/25 v0.7 ifxetex legacy package. Use iftex instead.
)
(/usr/local/texlive/2026basic/texmf-dist/tex/generic/iftex/ifluatex.sty
Package: ifluatex 2019/10/25 v1.5 ifluatex legacy package. Use iftex instead.
)
(/Users/vernias/Library/texmf/tex/latex/fontawesome/fontawesomesymbols-generic.
tex)
(/Users/vernias/Library/texmf/tex/latex/fontawesome/fontawesomesymbols-pdftex.t
ex)) (/Users/vernias/Library/texmf/tex/latex/xcolor/xcolor.sty
Package: xcolor 2024/09/29 v3.02 LaTeX color extensions (UK)

(/usr/local/texlive/2026basic/texmf-dist/tex/latex/graphics-cfg/color.cfg
File: color.cfg 2016/01/02 v1.6 sample color configuration
)
Package xcolor Info: Driver file: pdftex.def on input line 274.

(/usr/local/texlive/2026basic/texmf-dist/tex/latex/graphics-def/pdftex.def
File: pdftex.def 2025/09/29 v1.2d Graphics/color driver for pdftex
)
(/usr/local/texlive/2026basic/texmf-dist/tex/latex/graphics/mathcolor.ltx)
Package xcolor Info: Model `cmy' substituted by `cmy0' on input line 1349.
Package xcolor Info: Model `hsb' substituted by `rgb' on input line 1353.
Package xcolor Info: Model `RGB' extended on input line 1365.
Package xcolor Info: Model `HTML' substituted by `rgb' on input line 1367.
Package xcolor Info: Model `Hsb' substituted by `hsb' on input line 1368.
Package xcolor Info: Model `tHsb' substituted by `hsb' on input line 1369.
Package xcolor Info: Model `HSB' substituted by `hsb' on input line 1370.
Package xcolor Info: Model `Gray' substituted by `gray' on input line 1371.
Package xcolor Info: Model `wave' substituted by `hsb' on input line 1372.
)
(/usr/local/texlive/2026basic/texmf-dist/tex/latex/tools/array.sty
Package: array 2025/09/25 v2.6n Tabular extension package (FMi)
\col@sep=\dimen178
\ar@mcellbox=\box54
\extrarowheight=\dimen179
\NC@list=\toks20
\extratabsurround=\skip51
\backup@length=\skip52
\ar@cellbox=\box55
)
(/usr/local/texlive/2026basic/texmf-dist/tex/latex/float/float.sty
Package: float 2001/11/08 v1.3d Float enhancements (AL)
\c@float@type=\count300
\float@exts=\toks21
\float@box=\box56
\@float@everytoks=\toks22
\@floatcapt=\box57
)
(/usr/local/texlive/2026basic/texmf-dist/tex/latex/url/url.sty
\Urlmuskip=\muskip17
Package: url 2013/09/16  ver 3.4  Verb mode for urls, etc.
)
(/Users/vernias/Library/texmf/tex/generic/ulem/ulem.sty
\UL@box=\box58
\UL@hyphenbox=\box59
\UL@skip=\skip53
\UL@hook=\toks23
\UL@height=\dimen180
\UL@pe=\count301
\UL@pixel=\dimen181
\ULC@box=\box60
Package: ulem 2019/11/18
\ULdepth=\dimen182
)
(/Users/vernias/Library/texmf/tex/generic/soul/soul.sty
Package: soul 2026-03-06 v3.2 Permit use of UTF-8 characters in soul (HO)

(/Users/vernias/Library/texmf/tex/generic/soul/soul-ori.sty
Package: soul-ori 2026-03-06 v3.2 letterspacing/underlining (mf)
\SOUL@word=\toks24
\SOUL@lasttoken=\toks25
\SOUL@syllable=\toks26
\SOUL@cmds=\toks27
\SOUL@buffer=\toks28
\SOUL@token=\toks29
\SOUL@syllgoal=\dimen183
\SOUL@syllwidth=\dimen184
\SOUL@charkern=\dimen185
\SOUL@hyphkern=\dimen186
\SOUL@dimen=\dimen187
\SOUL@dimeni=\dimen188
\SOUL@minus=\count302
\SOUL@comma=\count303
\SOUL@apo=\count304
\SOUL@grave=\count305
\SOUL@spaceskip=\skip54
\SOUL@ttwidth=\dimen189
\SOUL@uldp=\dimen190
\SOUL@ulht=\dimen191
)
(/Users/vernias/Library/texmf/tex/generic/infwarerr/infwarerr.sty
Package: infwarerr 2019/12/03 v1.5 Providing info/warning/error messages (HO)
)
(/Users/vernias/Library/texmf/tex/generic/etexcmds/etexcmds.sty
Package: etexcmds 2019/12/15 v1.7 Avoid name clashes with e-TeX commands (HO)
))
(/Users/vernias/Library/texmf/tex/latex/enumitem/enumitem.sty
Package: enumitem 2025/02/06 v3.11 Customized lists
\labelindent=\skip55
\enit@outerparindent=\dimen192
\enit@toks=\toks30
\enit@inbox=\box61
\enit@count@id=\count306
\enitdp@description=\count307
)
(/usr/local/texlive/2026basic/texmf-dist/tex/latex/amsmath/amsmath.sty
Package: amsmath 2025/07/09 v2.17z AMS math features
\@mathmargin=\skip56

For additional information on amsmath, use the `?' option.
(/usr/local/texlive/2026basic/texmf-dist/tex/latex/amsmath/amstext.sty
Package: amstext 2024/11/17 v2.01 AMS text

(/usr/local/texlive/2026basic/texmf-dist/tex/latex/amsmath/amsgen.sty
File: amsgen.sty 1999/11/30 v2.0 generic functions
\@emptytoks=\toks31
\ex@=\dimen193
))
(/usr/local/texlive/2026basic/texmf-dist/tex/latex/amsmath/amsbsy.sty
Package: amsbsy 1999/11/29 v1.2d Bold Symbols
\pmbraise@=\dimen194
)
(/usr/local/texlive/2026basic/texmf-dist/tex/latex/amsmath/amsopn.sty
Package: amsopn 2022/04/08 v2.04 operator names
)
\inf@bad=\count308
LaTeX Info: Redefining \frac on input line 233.
\uproot@=\count309
\leftroot@=\count310
LaTeX Info: Redefining \overline on input line 398.
LaTeX Info: Redefining \colon on input line 409.
\classnum@=\count311
\DOTSCASE@=\count312
LaTeX Info: Redefining \ldots on input line 495.
LaTeX Info: Redefining \dots on input line 498.
LaTeX Info: Redefining \cdots on input line 619.
\Mathstrutbox@=\box62
\strutbox@=\box63
LaTeX Info: Redefining \big on input line 721.
LaTeX Info: Redefining \Big on input line 722.
LaTeX Info: Redefining \bigg on input line 723.
LaTeX Info: Redefining \Bigg on input line 724.
\big@size=\dimen195
LaTeX Font Info:    Redeclaring font encoding OML on input line 742.
LaTeX Font Info:    Redeclaring font encoding OMS on input line 743.
\macc@depth=\count313
LaTeX Info: Redefining \bmod on input line 904.
LaTeX Info: Redefining \pmod on input line 909.
LaTeX Info: Redefining \smash on input line 939.
LaTeX Info: Redefining \relbar on input line 969.
LaTeX Info: Redefining \Relbar on input line 970.
\c@MaxMatrixCols=\count314
\dotsspace@=\muskip18
\c@parentequation=\count315
\dspbrk@lvl=\count316
\tag@help=\toks32
\row@=\count317
\column@=\count318
\maxfields@=\count319
\andhelp@=\toks33
\eqnshift@=\dimen196
\alignsep@=\dimen197
\tagshift@=\dimen198
\tagwidth@=\dimen199
\totwidth@=\dimen256
\lineht@=\dimen257
\@envbody=\toks34
\multlinegap=\skip57
\multlinetaggap=\skip58
\mathdisplay@stack=\toks35
LaTeX Info: Redefining \[ on input line 2950.
LaTeX Info: Redefining \] on input line 2951.
)
(/usr/local/texlive/2026basic/texmf-dist/tex/latex/amsfonts/amsfonts.sty
Package: amsfonts 2013/01/14 v3.01 Basic AMSFonts support
\symAMSa=\mathgroup4
\symAMSb=\mathgroup5
LaTeX Font Info:    Redeclaring math symbol \hbar on input line 98.
LaTeX Font Info:    Overwriting math alphabet `\mathfrak' in version `bold'
(Font)                  U/euf/m/n --> U/euf/b/n on input line 106.
)
(/Users/vernias/Library/texmf/tex/latex/titlesec/titlesec.sty
Package: titlesec 2025/01/04 v2.17 Sectioning titles
\ttl@box=\box64
\beforetitleunit=\skip59
\aftertitleunit=\skip60
\ttl@plus=\dimen258
\ttl@minus=\dimen259
\ttl@toksa=\toks36
\titlewidth=\dimen260
\titlewidthlast=\dimen261
\titlewidthfirst=\dimen262
)
(/usr/local/texlive/2026basic/texmf-dist/tex/latex/amsfonts/amssymb.sty
Package: amssymb 2013/01/14 v3.01 AMS font symbols
)
(/Users/vernias/Library/texmf/tex/latex/fancyhdr/fancyhdr.sty
Package: fancyhdr 2025/02/07 v5.2 Extensive control of page headers and footers

\f@nch@headwidth=\skip61
\f@nch@offset@elh=\skip62
\f@nch@offset@erh=\skip63
\f@nch@offset@olh=\skip64
\f@nch@offset@orh=\skip65
\f@nch@offset@elf=\skip66
\f@nch@offset@erf=\skip67
\f@nch@offset@olf=\skip68
\f@nch@offset@orf=\skip69
\f@nch@height=\skip70
\f@nch@footalignment=\skip71
\f@nch@widthL=\skip72
\f@nch@widthC=\skip73
\f@nch@widthR=\skip74
\@temptokenb=\toks37
)
(/Users/vernias/Library/texmf/tex/latex/setspace/setspace.sty
Package: setspace 2022/12/04 v6.7b set line spacing
)
(/usr/local/texlive/2026basic/texmf-dist/tex/generic/babel/babel.sty
Package: babel 2026/02/14 v26.3 The multilingual framework for LuaLaTeX, pdfLaT
eX and XeLaTeX
\babel@savecnt=\count320
LaTeX Encoding Info:    Redeclaring text command \ij (encoding OT1) on input li
ne 2078.
LaTeX Encoding Info:    Redeclaring text command \IJ (encoding OT1) on input li
ne 2080.
LaTeX Encoding Info:    Redeclaring text command \ij (encoding T1) on input lin
e 2082.
LaTeX Encoding Info:    Redeclaring text command \IJ (encoding T1) on input lin
e 2083.
LaTeX Encoding Info:    Ignoring declaration for text command \ij (encoding ?) 
on input line 2084.
LaTeX Encoding Info:    Ignoring declaration for text command \IJ (encoding ?) 
on input line 2086.
LaTeX Encoding Info:    Ignoring declaration for text command \SS (encoding ?) 
on input line 2111.
\U@D=\dimen263
\l@unhyphenated=\language23

(/usr/local/texlive/2026basic/texmf-dist/tex/generic/babel/txtbabel.def)
\bbl@readstream=\read2
\bbl@dirlevel=\count321

(/usr/local/texlive/2026basic/texmf-dist/tex/generic/babel/locale/it/babel-ital
ian.tex)
Package babel Info: Importing font and identification data for italian
(babel)             from babel-it.ini. Reported on input line 4330.

(/usr/local/texlive/2026basic/texmf-dist/tex/generic/babel-italian/italian.ldf
Language: italian 2026/01/13 v.1.5.02 Italian support for the babel system
\it@lettering=\count322
\it@doublequoteactive=\count323
\it@ISOcompliance=\count324
)) (/Users/vernias/Library/texmf/tex/latex/etoolbox/etoolbox.sty
Package: etoolbox 2025/10/02 v2.5m e-TeX tools for LaTeX (JAW)
\etb@tempcnta=\count325
)
(/usr/local/texlive/2026basic/texmf-dist/tex/latex/graphics/graphicx.sty
Package: graphicx 2024/12/31 v1.2e Enhanced LaTeX Graphics (DPC,SPQR)

(/usr/local/texlive/2026basic/texmf-dist/tex/latex/graphics/graphics.sty
Package: graphics 2024/08/06 v1.4g Standard LaTeX Graphics (DPC,SPQR)

(/usr/local/texlive/2026basic/texmf-dist/tex/latex/graphics/trig.sty
Package: trig 2023/12/02 v1.11 sin cos tan (DPC)
)
(/usr/local/texlive/2026basic/texmf-dist/tex/latex/graphics-cfg/graphics.cfg
File: graphics.cfg 2016/06/04 v1.11 sample graphics configuration
)
Package graphics Info: Driver file: pdftex.def on input line 106.
)
\Gin@req@height=\dimen264
\Gin@req@width=\dimen265
) (/Users/vernias/Library/texmf/tex/latex/caption/caption.sty
Package: caption 2023/08/05 v3.6o Customizing captions (AR)

(/Users/vernias/Library/texmf/tex/latex/caption/caption3.sty
Package: caption3 2023/07/31 v2.4d caption3 kernel (AR)
\caption@tempdima=\dimen266
\captionmargin=\dimen267
\caption@leftmargin=\dimen268
\caption@rightmargin=\dimen269
\caption@width=\dimen270
\caption@indent=\dimen271
\caption@parindent=\dimen272
\caption@hangindent=\dimen273
Package caption Info: Standard document class detected.
)
\c@caption@flags=\count326
\c@continuedfloat=\count327
Package caption Info: float package is loaded.
)
(/Users/vernias/Library/texmf/tex/latex/caption/subcaption.sty
Package: subcaption 2023/07/28 v1.6b Sub-captions (AR)
Package caption Info: New subtype `subfigure' on input line 238.
\c@subfigure=\count328
Package caption Info: New subtype `subtable' on input line 238.
\c@subtable=\count329
)
(/Users/vernias/Library/texmf/tex/latex/titling/titling.sty
Package: titling 2009/09/04 v2.1d maketitle typesetting
\thanksmarkwidth=\skip75
\thanksmargin=\skip76
\droptitle=\skip77
)
(/Users/vernias/Library/texmf/tex/latex/pgf/frontendlayer/tikz.sty
(/Users/vernias/Library/texmf/tex/latex/pgf/basiclayer/pgf.sty
(/Users/vernias/Library/texmf/tex/latex/pgf/utilities/pgfrcs.sty
(/Users/vernias/Library/texmf/tex/generic/pgf/utilities/pgfutil-common.tex
\pgfutil@everybye=\toks38
\pgfutil@tempdima=\dimen274
\pgfutil@tempdimb=\dimen275
)
(/Users/vernias/Library/texmf/tex/generic/pgf/utilities/pgfutil-latex.def
\pgfutil@abb=\box65
)
(/Users/vernias/Library/texmf/tex/generic/pgf/utilities/pgfrcs.code.tex
(/Users/vernias/Library/texmf/tex/generic/pgf/pgf.revision.tex)
Package: pgfrcs 2025-08-29 v3.1.11a (3.1.11a)
))
Package: pgf 2025-08-29 v3.1.11a (3.1.11a)

(/Users/vernias/Library/texmf/tex/latex/pgf/basiclayer/pgfcore.sty
(/Users/vernias/Library/texmf/tex/latex/pgf/systemlayer/pgfsys.sty
(/Users/vernias/Library/texmf/tex/generic/pgf/systemlayer/pgfsys.code.tex
Package: pgfsys 2025-08-29 v3.1.11a (3.1.11a)

(/Users/vernias/Library/texmf/tex/generic/pgf/utilities/pgfkeys.code.tex
\pgfkeys@pathtoks=\toks39
\pgfkeys@temptoks=\toks40

(/Users/vernias/Library/texmf/tex/generic/pgf/utilities/pgfkeyslibraryfiltered.
code.tex
\pgfkeys@tmptoks=\toks41
))
\pgf@x=\dimen276
\pgf@y=\dimen277
\pgf@xa=\dimen278
\pgf@ya=\dimen279
\pgf@xb=\dimen280
\pgf@yb=\dimen281
\pgf@xc=\dimen282
\pgf@yc=\dimen283
\pgf@xd=\dimen284
\pgf@yd=\dimen285
\w@pgf@writea=\write3
\r@pgf@reada=\read3
\c@pgf@counta=\count330
\c@pgf@countb=\count331
\c@pgf@countc=\count332
\c@pgf@countd=\count333
\t@pgf@toka=\toks42
\t@pgf@tokb=\toks43
\t@pgf@tokc=\toks44
\pgf@sys@id@count=\count334
 (/Users/vernias/Library/texmf/tex/generic/pgf/systemlayer/pgf.cfg
File: pgf.cfg 2025-08-29 v3.1.11a (3.1.11a)
)
Driver file for pgf: pgfsys-pdftex.def

(/Users/vernias/Library/texmf/tex/generic/pgf/systemlayer/pgfsys-pdftex.def
File: pgfsys-pdftex.def 2025-08-29 v3.1.11a (3.1.11a)

(/Users/vernias/Library/texmf/tex/generic/pgf/systemlayer/pgfsys-common-pdf.def
File: pgfsys-common-pdf.def 2025-08-29 v3.1.11a (3.1.11a)
)))
(/Users/vernias/Library/texmf/tex/generic/pgf/systemlayer/pgfsyssoftpath.code.t
ex
File: pgfsyssoftpath.code.tex 2025-08-29 v3.1.11a (3.1.11a)
\pgfsyssoftpath@smallbuffer@items=\count335
\pgfsyssoftpath@bigbuffer@items=\count336
)
(/Users/vernias/Library/texmf/tex/generic/pgf/systemlayer/pgfsysprotocol.code.t
ex
File: pgfsysprotocol.code.tex 2025-08-29 v3.1.11a (3.1.11a)
)) (/Users/vernias/Library/texmf/tex/generic/pgf/basiclayer/pgfcore.code.tex
Package: pgfcore 2025-08-29 v3.1.11a (3.1.11a)

(/Users/vernias/Library/texmf/tex/generic/pgf/math/pgfmath.code.tex
(/Users/vernias/Library/texmf/tex/generic/pgf/math/pgfmathutil.code.tex)
(/Users/vernias/Library/texmf/tex/generic/pgf/math/pgfmathparser.code.tex
\pgfmath@dimen=\dimen286
\pgfmath@count=\count337
\pgfmath@box=\box66
\pgfmath@toks=\toks45
\pgfmath@stack@operand=\toks46
\pgfmath@stack@operation=\toks47
)
(/Users/vernias/Library/texmf/tex/generic/pgf/math/pgfmathfunctions.code.tex)
(/Users/vernias/Library/texmf/tex/generic/pgf/math/pgfmathfunctions.basic.code.
tex)
(/Users/vernias/Library/texmf/tex/generic/pgf/math/pgfmathfunctions.trigonometr
ic.code.tex)
(/Users/vernias/Library/texmf/tex/generic/pgf/math/pgfmathfunctions.random.code
.tex)
(/Users/vernias/Library/texmf/tex/generic/pgf/math/pgfmathfunctions.comparison.
code.tex)
(/Users/vernias/Library/texmf/tex/generic/pgf/math/pgfmathfunctions.base.code.t
ex)
(/Users/vernias/Library/texmf/tex/generic/pgf/math/pgfmathfunctions.round.code.
tex)
(/Users/vernias/Library/texmf/tex/generic/pgf/math/pgfmathfunctions.misc.code.t
ex)
(/Users/vernias/Library/texmf/tex/generic/pgf/math/pgfmathfunctions.integerarit
hmetics.code.tex)
(/Users/vernias/Library/texmf/tex/generic/pgf/math/pgfmathcalc.code.tex)
(/Users/vernias/Library/texmf/tex/generic/pgf/math/pgfmathfloat.code.tex
\c@pgfmathroundto@lastzeros=\count338
))
(/Users/vernias/Library/texmf/tex/generic/pgf/math/pgfint.code.tex)
(/Users/vernias/Library/texmf/tex/generic/pgf/basiclayer/pgfcorepoints.code.tex
File: pgfcorepoints.code.tex 2025-08-29 v3.1.11a (3.1.11a)
\pgf@picminx=\dimen287
\pgf@picmaxx=\dimen288
\pgf@picminy=\dimen289
\pgf@picmaxy=\dimen290
\pgf@pathminx=\dimen291
\pgf@pathmaxx=\dimen292
\pgf@pathminy=\dimen293
\pgf@pathmaxy=\dimen294
\pgf@xx=\dimen295
\pgf@xy=\dimen296
\pgf@yx=\dimen297
\pgf@yy=\dimen298
\pgf@zx=\dimen299
\pgf@zy=\dimen300
)
(/Users/vernias/Library/texmf/tex/generic/pgf/basiclayer/pgfcorepathconstruct.c
ode.tex
File: pgfcorepathconstruct.code.tex 2025-08-29 v3.1.11a (3.1.11a)
\pgf@path@lastx=\dimen301
\pgf@path@lasty=\dimen302
)
(/Users/vernias/Library/texmf/tex/generic/pgf/basiclayer/pgfcorepathusage.code.
tex
File: pgfcorepathusage.code.tex 2025-08-29 v3.1.11a (3.1.11a)
\pgf@shorten@end@additional=\dimen303
\pgf@shorten@start@additional=\dimen304
)
(/Users/vernias/Library/texmf/tex/generic/pgf/basiclayer/pgfcorescopes.code.tex
File: pgfcorescopes.code.tex 2025-08-29 v3.1.11a (3.1.11a)
\pgfpic=\box67
\pgf@hbox=\box68
\pgf@layerbox@main=\box69
\pgf@picture@serial@count=\count339
)
(/Users/vernias/Library/texmf/tex/generic/pgf/basiclayer/pgfcoregraphicstate.co
de.tex
File: pgfcoregraphicstate.code.tex 2025-08-29 v3.1.11a (3.1.11a)
\pgflinewidth=\dimen305
)
(/Users/vernias/Library/texmf/tex/generic/pgf/basiclayer/pgfcoretransformations
.code.tex
File: pgfcoretransformations.code.tex 2025-08-29 v3.1.11a (3.1.11a)
\pgf@pt@x=\dimen306
\pgf@pt@y=\dimen307
\pgf@pt@temp=\dimen308
)
(/Users/vernias/Library/texmf/tex/generic/pgf/basiclayer/pgfcorequick.code.tex
File: pgfcorequick.code.tex 2025-08-29 v3.1.11a (3.1.11a)
)
(/Users/vernias/Library/texmf/tex/generic/pgf/basiclayer/pgfcoreobjects.code.te
x
File: pgfcoreobjects.code.tex 2025-08-29 v3.1.11a (3.1.11a)
)
(/Users/vernias/Library/texmf/tex/generic/pgf/basiclayer/pgfcorepathprocessing.
code.tex
File: pgfcorepathprocessing.code.tex 2025-08-29 v3.1.11a (3.1.11a)
)
(/Users/vernias/Library/texmf/tex/generic/pgf/basiclayer/pgfcorearrows.code.tex
File: pgfcorearrows.code.tex 2025-08-29 v3.1.11a (3.1.11a)
\pgfarrowsep=\dimen309
)
(/Users/vernias/Library/texmf/tex/generic/pgf/basiclayer/pgfcoreshade.code.tex
File: pgfcoreshade.code.tex 2025-08-29 v3.1.11a (3.1.11a)
\pgf@max=\dimen310
\pgf@sys@shading@range@num=\count340
\pgf@shadingcount=\count341
) (/Users/vernias/Library/texmf/tex/generic/pgf/basiclayer/pgfcoreimage.code.te
x
File: pgfcoreimage.code.tex 2025-08-29 v3.1.11a (3.1.11a)
)
(/Users/vernias/Library/texmf/tex/generic/pgf/basiclayer/pgfcoreexternal.code.t
ex
File: pgfcoreexternal.code.tex 2025-08-29 v3.1.11a (3.1.11a)
\pgfexternal@startupbox=\box70
)
(/Users/vernias/Library/texmf/tex/generic/pgf/basiclayer/pgfcorelayers.code.tex
File: pgfcorelayers.code.tex 2025-08-29 v3.1.11a (3.1.11a)
)
(/Users/vernias/Library/texmf/tex/generic/pgf/basiclayer/pgfcoretransparency.co
de.tex
File: pgfcoretransparency.code.tex 2025-08-29 v3.1.11a (3.1.11a)
)
(/Users/vernias/Library/texmf/tex/generic/pgf/basiclayer/pgfcorepatterns.code.t
ex
File: pgfcorepatterns.code.tex 2025-08-29 v3.1.11a (3.1.11a)
)
(/Users/vernias/Library/texmf/tex/generic/pgf/basiclayer/pgfcorerdf.code.tex
File: pgfcorerdf.code.tex 2025-08-29 v3.1.11a (3.1.11a)
))) (/Users/vernias/Library/texmf/tex/generic/pgf/modules/pgfmoduleshapes.code.
tex
File: pgfmoduleshapes.code.tex 2025-08-29 v3.1.11a (3.1.11a)
\pgfnodeparttextbox=\box71
) (/Users/vernias/Library/texmf/tex/generic/pgf/modules/pgfmoduleplot.code.tex
File: pgfmoduleplot.code.tex 2025-08-29 v3.1.11a (3.1.11a)
)
(/Users/vernias/Library/texmf/tex/latex/pgf/compatibility/pgfcomp-version-0-65.
sty
Package: pgfcomp-version-0-65 2025-08-29 v3.1.11a (3.1.11a)
\pgf@nodesepstart=\dimen311
\pgf@nodesepend=\dimen312
)
(/Users/vernias/Library/texmf/tex/latex/pgf/compatibility/pgfcomp-version-1-18.
sty
Package: pgfcomp-version-1-18 2025-08-29 v3.1.11a (3.1.11a)
)) (/Users/vernias/Library/texmf/tex/latex/pgf/utilities/pgffor.sty
(/Users/vernias/Library/texmf/tex/latex/pgf/utilities/pgfkeys.sty
(/Users/vernias/Library/texmf/tex/generic/pgf/utilities/pgfkeys.code.tex))
(/Users/vernias/Library/texmf/tex/latex/pgf/math/pgfmath.sty
(/Users/vernias/Library/texmf/tex/generic/pgf/math/pgfmath.code.tex))
(/Users/vernias/Library/texmf/tex/generic/pgf/utilities/pgffor.code.tex
Package: pgffor 2025-08-29 v3.1.11a (3.1.11a)
\pgffor@iter=\dimen313
\pgffor@skip=\dimen314
\pgffor@stack=\toks48
\pgffor@toks=\toks49
))
(/Users/vernias/Library/texmf/tex/generic/pgf/frontendlayer/tikz/tikz.code.tex
Package: tikz 2025-08-29 v3.1.11a (3.1.11a)

(/Users/vernias/Library/texmf/tex/generic/pgf/libraries/pgflibraryplothandlers.
code.tex
File: pgflibraryplothandlers.code.tex 2025-08-29 v3.1.11a (3.1.11a)
\pgf@plot@mark@count=\count342
\pgfplotmarksize=\dimen315
)
\tikz@lastx=\dimen316
\tikz@lasty=\dimen317
\tikz@lastxsaved=\dimen318
\tikz@lastysaved=\dimen319
\tikz@lastmovetox=\dimen320
\tikz@lastmovetoy=\dimen321
\tikzleveldistance=\dimen322
\tikzsiblingdistance=\dimen323
\tikz@figbox=\box72
\tikz@figbox@bg=\box73
\tikz@tempbox=\box74
\tikz@tempbox@bg=\box75
\tikztreelevel=\count343
\tikznumberofchildren=\count344
\tikznumberofcurrentchild=\count345
\tikz@fig@count=\count346

(/Users/vernias/Library/texmf/tex/generic/pgf/modules/pgfmodulematrix.code.tex
File: pgfmodulematrix.code.tex 2025-08-29 v3.1.11a (3.1.11a)
\pgfmatrixcurrentrow=\count347
\pgfmatrixcurrentcolumn=\count348
\pgf@matrix@numberofcolumns=\count349
)
\tikz@expandcount=\count350

(/Users/vernias/Library/texmf/tex/generic/pgf/frontendlayer/tikz/libraries/tikz
librarytopaths.code.tex
File: tikzlibrarytopaths.code.tex 2025-08-29 v3.1.11a (3.1.11a)
)))
(/Users/vernias/Library/texmf/tex/latex/varwidth/varwidth.sty
Package: varwidth 2009/03/30 ver 0.92;  Variable-width minipages
\@vwid@box=\box76
\sift@deathcycles=\count351
\@vwid@loff=\dimen324
\@vwid@roff=\dimen325
)
==> First Aid for varwidth.sty applied!
(/Users/vernias/Library/texmf/tex/latex/datetime2/datetime2.sty
Package: datetime2 2021/03/21 v1.5.7 (NLCT) date and time formats

(/Users/vernias/Library/texmf/tex/latex/tracklang/tracklang.sty
Package: tracklang 2025/03/11 v1.6.6 (NLCT) Track Languages

(/Users/vernias/Library/texmf/tex/generic/tracklang/tracklang.tex)
Package tracklang Info: Tracking dialect `italian' (language `italian') on inpu
t line 264.
Package tracklang Info: Tracking dialect `italian' (language `italian') on inpu
t line 264.
)
(/usr/local/texlive/2026basic/texmf-dist/tex/latex/xkeyval/xkeyval.sty
Package: xkeyval 2025/11/04 v2.10 package option processing (HA)

(/usr/local/texlive/2026basic/texmf-dist/tex/generic/xkeyval/xkeyval.tex
(/usr/local/texlive/2026basic/texmf-dist/tex/generic/xkeyval/xkvutils.tex
\XKV@toks=\toks50
\XKV@tempa@toks=\toks51
\XKV@tempb@toks=\toks52
)
\XKV@depth=\count352
File: xkeyval.tex 2014/12/03 v2.7a key=value parser (HA)
))

Package datetime2 Warning: Date-Time Language Module `italian' not installed on
 input line 1913.

) (/Users/vernias/Library/texmf/tex/latex/natbib/natbib.sty
Package: natbib 2010/09/13 8.31b (PWD, AO)
\bibhang=\skip78
\bibsep=\skip79
LaTeX Info: Redefining \cite on input line 694.
\c@NAT@ctr=\count353
)
(/usr/local/texlive/2026basic/texmf-dist/tex/latex/hyperref/hyperref.sty
Package: hyperref 2026-01-29 v7.01p Hypertext links for LaTeX

(/Users/vernias/Library/texmf/tex/latex/kvsetkeys/kvsetkeys.sty
Package: kvsetkeys 2022-10-05 v1.19 Key value parser (HO)
)
(/Users/vernias/Library/texmf/tex/generic/kvdefinekeys/kvdefinekeys.sty
Package: kvdefinekeys 2019-12-19 v1.6 Define keys (HO)
)
(/Users/vernias/Library/texmf/tex/generic/pdfescape/pdfescape.sty
Package: pdfescape 2019/12/09 v1.15 Implements pdfTeX's escape features (HO)

(/Users/vernias/Library/texmf/tex/generic/ltxcmds/ltxcmds.sty
Package: ltxcmds 2023-12-04 v1.26 LaTeX kernel commands for general use (HO)
)
(/usr/local/texlive/2026basic/texmf-dist/tex/generic/pdftexcmds/pdftexcmds.sty
Package: pdftexcmds 2020-06-27 v0.33 Utility functions of pdfTeX for LuaTeX (HO
)
Package pdftexcmds Info: \pdf@primitive is available.
Package pdftexcmds Info: \pdf@ifprimitive is available.
Package pdftexcmds Info: \pdfdraftmode found.
)) (/Users/vernias/Library/texmf/tex/latex/hycolor/hycolor.sty
Package: hycolor 2020-01-27 v1.10 Color options for hyperref/bookmark (HO)
)
(/usr/local/texlive/2026basic/texmf-dist/tex/latex/hyperref/nameref.sty
Package: nameref 2026-01-29 v2.58 Cross-referencing by name of section

(/usr/local/texlive/2026basic/texmf-dist/tex/latex/refcount/refcount.sty
Package: refcount 2019/12/15 v3.6 Data extraction from label references (HO)
)
(/usr/local/texlive/2026basic/texmf-dist/tex/generic/gettitlestring/gettitlestr
ing.sty
Package: gettitlestring 2019/12/15 v1.6 Cleanup title references (HO)

(/usr/local/texlive/2026basic/texmf-dist/tex/latex/kvoptions/kvoptions.sty
Package: kvoptions 2022-06-15 v3.15 Key value format for package options (HO)
))
\c@section@level=\count354
)
(/usr/local/texlive/2026basic/texmf-dist/tex/generic/stringenc/stringenc.sty
Package: stringenc 2019/11/29 v1.12 Convert strings between diff. encodings (HO
)
)
\@linkdim=\dimen326
\Hy@linkcounter=\count355
\Hy@pagecounter=\count356

(/usr/local/texlive/2026basic/texmf-dist/tex/latex/hyperref/pd1enc.def
File: pd1enc.def 2026-01-29 v7.01p Hyperref: PDFDocEncoding definition (HO)
Now handling font encoding PD1 ...
... no UTF-8 mapping file for font encoding PD1
)
(/Users/vernias/Library/texmf/tex/generic/intcalc/intcalc.sty
Package: intcalc 2019/12/15 v1.3 Expandable calculations with integers (HO)
)
\Hy@SavedSpaceFactor=\count357

(/usr/local/texlive/2026basic/texmf-dist/tex/latex/hyperref/puenc.def
File: puenc.def 2026-01-29 v7.01p Hyperref: PDF Unicode definition (HO)
Now handling font encoding PU ...
... no UTF-8 mapping file for font encoding PU
)
Package hyperref Info: Hyper figures OFF on input line 4201.
Package hyperref Info: Link nesting OFF on input line 4206.
Package hyperref Info: Hyper index ON on input line 4209.
Package hyperref Info: Plain pages OFF on input line 4216.
Package hyperref Info: Backreferencing OFF on input line 4221.
Package hyperref Info: Implicit mode ON; LaTeX internals redefined.
Package hyperref Info: Bookmarks ON on input line 4468.
\c@Hy@tempcnt=\count358
LaTeX Info: Redefining \url on input line 4807.
\XeTeXLinkMargin=\dimen327

(/Users/vernias/Library/texmf/tex/generic/bitset/bitset.sty
Package: bitset 2019/12/09 v1.3 Handle bit-vector datatype (HO)

(/Users/vernias/Library/texmf/tex/generic/bigintcalc/bigintcalc.sty
Package: bigintcalc 2019/12/15 v1.5 Expandable calculations on big integers (HO
)
))
\Fld@menulength=\count359
\Field@Width=\dimen328
\Fld@charsize=\dimen329
Package hyperref Info: Hyper figures OFF on input line 6084.
Package hyperref Info: Link nesting OFF on input line 6089.
Package hyperref Info: Hyper index ON on input line 6092.
Package hyperref Info: backreferencing OFF on input line 6099.
Package hyperref Info: Link coloring OFF on input line 6104.
Package hyperref Info: Link coloring with OCG OFF on input line 6109.
Package hyperref Info: PDF/A mode OFF on input line 6114.
\Hy@abspage=\count360
\c@Item=\count361
\c@Hfootnote=\count362
)
Package hyperref Info: Driver (autodetected): hpdftex.

(/usr/local/texlive/2026basic/texmf-dist/tex/latex/hyperref/hpdftex.def
File: hpdftex.def 2026-01-29 v7.01p Hyperref driver for pdfTeX
\Fld@listcount=\count363
\c@bookmark@seq@number=\count364

(/usr/local/texlive/2026basic/texmf-dist/tex/latex/rerunfilecheck/rerunfilechec
k.sty
Package: rerunfilecheck 2025-06-21 v1.11 Rerun checks for auxiliary files (HO)

(/usr/local/texlive/2026basic/texmf-dist/tex/generic/uniquecounter/uniquecounte
r.sty
Package: uniquecounter 2019/12/15 v1.4 Provide unlimited unique counter (HO)
)
Package uniquecounter Info: New unique counter `rerunfilecheck' on input line 2
84.
)
\Hy@SectionHShift=\skip80
) (/Users/vernias/Library/texmf/tex/latex/tocloft/tocloft.sty
Package: tocloft 2017/08/31 v2.3i parameterised ToC, etc., typesetting
Package tocloft Info: The document has section divisions on input line 51.
\cftparskip=\skip81
\cftbeforetoctitleskip=\skip82
\cftaftertoctitleskip=\skip83
\cftbeforepartskip=\skip84
\cftpartnumwidth=\skip85
\cftpartindent=\skip86
\cftbeforesecskip=\skip87
\cftsecindent=\skip88
\cftsecnumwidth=\skip89
\cftbeforesubsecskip=\skip90
\cftsubsecindent=\skip91
\cftsubsecnumwidth=\skip92
\cftbeforesubsubsecskip=\skip93
\cftsubsubsecindent=\skip94
\cftsubsubsecnumwidth=\skip95
\cftbeforeparaskip=\skip96
\cftparaindent=\skip97
\cftparanumwidth=\skip98
\cftbeforesubparaskip=\skip99
\cftsubparaindent=\skip100
\cftsubparanumwidth=\skip101
\cftbeforeloftitleskip=\skip102
\cftafterloftitleskip=\skip103
\cftbeforefigskip=\skip104
\cftfigindent=\skip105
\cftfignumwidth=\skip106
\c@lofdepth=\count365
\c@lotdepth=\count366
\cftbeforelottitleskip=\skip107
\cftafterlottitleskip=\skip108
\cftbeforetabskip=\skip109
\cfttabindent=\skip110
\cfttabnumwidth=\skip111
)
(/Users/vernias/Library/texmf/tex/latex/algorithm2e/algorithm2e.sty
Package: algorithm2e 2017/07/18 v5.2 algorithms environments
\c@AlgoLine=\count367

(/usr/local/texlive/2026basic/texmf-dist/tex/latex/base/ifthen.sty
Package: ifthen 2024/03/16 v1.1e Standard LaTeX ifthen package (DPC)
)
\algocf@hangindent=\skip112

(/Users/vernias/Library/texmf/tex/latex/ifoddpage/ifoddpage.sty
Package: ifoddpage 2022/10/18 v1.2 Conditionals for odd/even page detection
\c@checkoddpage=\count368
)
(/usr/local/texlive/2026basic/texmf-dist/tex/latex/tools/xspace.sty
Package: xspace 2014/10/28 v1.13 Space after command names (DPC,MH)
)
(/Users/vernias/Library/texmf/tex/latex/relsize/relsize.sty
Package: relsize 2013/03/29 ver 4.1
)
\skiptotal=\skip113
\skiplinenumber=\skip114
\skiprule=\skip115
\skiphlne=\skip116
\skiptext=\skip117
\skiplength=\skip118
\algomargin=\skip119
\skipalgocfslide=\skip120
\algowidth=\dimen330
\inoutsize=\dimen331
\inoutindent=\dimen332
\interspacetitleruled=\dimen333
\interspacealgoruled=\dimen334
\interspacetitleboxruled=\dimen335
\algocf@ruledwidth=\skip121
\algocf@inoutbox=\box77
\algocf@inputbox=\box78
\AlCapSkip=\skip122
\AlCapHSkip=\skip123
\algoskipindent=\skip124
\algocf@nlbox=\box79
\algocf@hangingbox=\box80
\algocf@untilbox=\box81
\algocf@skipuntil=\skip125
\algocf@capbox=\box82
\algocf@lcaptionbox=\skip126
\algoheightruledefault=\skip127
\algoheightrule=\skip128
\algotitleheightruledefault=\skip129
\algotitleheightrule=\skip130
\c@algocfline=\count369
\c@algocfproc=\count370
\c@algocf=\count371
\algocf@algoframe=\box83
\algocf@algobox=\box84
)
Package hyperref Info: Option `colorlinks' set `true' on input line 101.


Package hyperref Warning: Token not allowed in a PDF string (Unicode):
(hyperref)                removing `subscript' on input line 101.


Package hyperref Warning: Token not allowed in a PDF string (Unicode):
(hyperref)                removing `subscript' on input line 101.

(/usr/local/texlive/2026basic/texmf-dist/tex/latex/base/inputenc.sty
Package: inputenc 2024/02/08 v1.3d Input encoding file
\inpenc@prehook=\toks53
\inpenc@posthook=\toks54
)
(/Users/vernias/Library/texmf/tex/latex/tcolorbox/tcolorbox.sty
Package: tcolorbox 2025/11/28 version 6.9.0 text color boxes

(/usr/local/texlive/2026basic/texmf-dist/tex/latex/tools/verbatim.sty
Package: verbatim 2024-01-22 v1.5x LaTeX2e package for verbatim enhancements
\every@verbatim=\toks55
\verbatim@line=\toks56
\verbatim@in@stream=\read4
)
(/Users/vernias/Library/texmf/tex/latex/environ/environ.sty
Package: environ 2014/05/04 v0.3 A new way to define environments

(/Users/vernias/Library/texmf/tex/latex/trimspaces/trimspaces.sty
Package: trimspaces 2009/09/17 v1.1 Trim spaces around a token list
))
\tcb@titlebox=\box85
\tcb@upperbox=\box86
\tcb@lowerbox=\box87
\tcb@phantombox=\box88
\c@tcbbreakpart=\count372
\c@tcblayer=\count373
\c@tcolorbox@number=\count374
\l__tcobox_tmpa_box=\box89
\l__tcobox_tmpa_dim=\dimen336
\tcb@temp=\box90
\tcb@temp=\box91
\tcb@temp=\box92
\tcb@temp=\box93
)
(/Users/vernias/Library/texmf/tex/latex/tcolorbox/tcblistingsutf8.code.tex
Library (tcolorbox): 'tcblistingsutf8.code.tex' version '6.9.0'
(/Users/vernias/Library/texmf/tex/latex/tcolorbox/tcblistings.code.tex
Library (tcolorbox): 'tcblistings.code.tex' version '6.9.0'
(/Users/vernias/Library/texmf/tex/latex/listings/listings.sty
\lst@mode=\count375
\lst@gtempboxa=\box94
\lst@token=\toks57
\lst@length=\count376
\lst@currlwidth=\dimen337
\lst@column=\count377
\lst@pos=\count378
\lst@lostspace=\dimen338
\lst@width=\dimen339
\lst@newlines=\count379
\lst@lineno=\count380
\lst@maxwidth=\dimen340

(/Users/vernias/Library/texmf/tex/latex/listings/lstpatch.sty
File: lstpatch.sty 2025/11/14 1.11b (Carsten Heinz)
)
(/Users/vernias/Library/texmf/tex/latex/listings/lstmisc.sty
File: lstmisc.sty 2025/11/14 1.11b (Carsten Heinz)
\c@lstnumber=\count381
\lst@skipnumbers=\count382
\lst@framebox=\box95
)
(/Users/vernias/Library/texmf/tex/latex/listings/listings.cfg
File: listings.cfg 2025/11/14 1.11b listings configuration
))
Package: listings 2025/11/14 1.11b (Carsten Heinz)

==> First Aid for listings.sty no longer applied!
    Expected:
        2024/09/23 1.10c (Carsten Heinz)
    but found:
        2025/11/14 1.11b (Carsten Heinz)
    so I'm assuming it got fixed.
(/Users/vernias/Library/texmf/tex/latex/tcolorbox/tcblistingscore.code.tex
Library (tcolorbox): 'tcblistingscore.code.tex' version '6.9.0'
(/Users/vernias/Library/texmf/tex/latex/tcolorbox/tcbprocessing.code.tex
Library (tcolorbox): 'tcbprocessing.code.tex' version '6.9.0'
)
\c@tcblisting=\count383
)) (/Users/vernias/Library/texmf/tex/latex/listingsutf8/listingsutf8.sty
Package: listingsutf8 2019-12-10 v1.5 Allow UTF-8 in listings input (HO)
))
(/Users/vernias/Library/texmf/tex/latex/tcolorbox/tcbbreakable.code.tex
Library (tcolorbox): 'tcbbreakable.code.tex' version '6.9.0'
(/Users/vernias/Library/texmf/tex/latex/pdfcol/pdfcol.sty
Package: pdfcol 2022-09-21 v1.7 Handle new color stacks for pdfTeX (HO)
)
Package pdfcol Info: New color stack `tcb@breakable' = 1 on input line 23.
\tcb@testbox=\box96
\tcb@totalupperbox=\box97
\tcb@totallowerbox=\box98
)
\c@tcb@cnt@code=\count384

(/usr/local/texlive/2026basic/texmf-dist/tex/latex/l3backend/l3backend-pdftex.d
ef
File: l3backend-pdftex.def 2025-10-09 L3 backend support: PDF output (pdfTeX)
\l__color_backend_stack_int=\count385
) (./main.aux

! Package natbib Error: Bibliography not compatible with author-year citations.

(natbib)                Press <return> to continue in numerical citation style.


See the natbib package documentation for explanation.
Type  H <return>  for immediate help.
 ...                                              
                                                  
l.190 ...and\NAT@force@numbers{}\NAT@force@numbers
                                                  
Check the bibliography entries for non-compliant syntax,
or select author-year BibTeX style, e.g. plainnat

)
\openout1 = `main.aux'.

LaTeX Font Info:    Checking defaults for OML/cmm/m/it on input line 135.
LaTeX Font Info:    ... okay on input line 135.
LaTeX Font Info:    Checking defaults for OMS/cmsy/m/n on input line 135.
LaTeX Font Info:    ... okay on input line 135.
LaTeX Font Info:    Checking defaults for OT1/cmr/m/n on input line 135.
LaTeX Font Info:    ... okay on input line 135.
LaTeX Font Info:    Checking defaults for T1/cmr/m/n on input line 135.
LaTeX Font Info:    ... okay on input line 135.
LaTeX Font Info:    Checking defaults for TS1/cmr/m/n on input line 135.
LaTeX Font Info:    ... okay on input line 135.
LaTeX Font Info:    Checking defaults for OMX/cmex/m/n on input line 135.
LaTeX Font Info:    ... okay on input line 135.
LaTeX Font Info:    Checking defaults for U/cmr/m/n on input line 135.
LaTeX Font Info:    ... okay on input line 135.
LaTeX Font Info:    Checking defaults for PD1/pdf/m/n on input line 135.
LaTeX Font Info:    ... okay on input line 135.
LaTeX Font Info:    Checking defaults for PU/pdf/m/n on input line 135.
LaTeX Font Info:    ... okay on input line 135.

*geometry* driver: auto-detecting
*geometry* detected driver: pdftex
*geometry* verbose mode - [ preamble ] result:
* driver: pdftex
* paper: a4paper
* layout: <same size as paper>
* layoutoffset:(h,v)=(0.0pt,0.0pt)
* modes: includehead includefoot twoside 
* h-part:(L,W,R)=(99.58464pt, 426.79135pt, 71.13188pt)
* v-part:(T,H,B)=(71.13188pt, 702.78308pt, 71.13188pt)
* \paperwidth=597.50787pt
* \paperheight=845.04684pt
* \textwidth=426.79135pt
* \textheight=635.78308pt
* \oddsidemargin=27.31465pt
* \evensidemargin=-1.1381pt
* \topmargin=-1.1381pt
* \headheight=12.0pt
* \headsep=25.0pt
* \topskip=10.0pt
* \footskip=30.0pt
* \marginparwidth=121.0pt
* \marginparsep=11.0pt
* \columnsep=10.0pt
* \skip\footins=9.0pt plus 4.0pt minus 2.0pt
* \hoffset=0.0pt
* \voffset=0.0pt
* \mag=1000
* \@twocolumnfalse
* \@twosidetrue
* \@mparswitchtrue
* \@reversemarginfalse
* (1in=72.27pt=25.4mm, 1cm=28.453pt)

(/usr/local/texlive/2026basic/texmf-dist/tex/context/base/mkii/supp-pdf.mkii
[Loading MPS to PDF converter (version 2006.09.02).]
\scratchcounter=\count386
\scratchdimen=\dimen341
\scratchbox=\box99
\nofMPsegments=\count387
\nofMParguments=\count388
\everyMPshowfont=\toks58
\MPscratchCnt=\count389
\MPscratchDim=\dimen342
\MPnumerator=\count390
\makeMPintoPDFobject=\count391
\everyMPtoPDFconversion=\toks59
)
(/usr/local/texlive/2026basic/texmf-dist/tex/latex/epstopdf-pkg/epstopdf-base.s
ty
Package: epstopdf-base 2020-01-24 v2.11 Base part for package epstopdf
Package epstopdf-base Info: Redefining graphics rule for `.eps' on input line 4
85.

(/usr/local/texlive/2026basic/texmf-dist/tex/latex/latexconfig/epstopdf-sys.cfg
File: epstopdf-sys.cfg 2010/07/13 v1.3 Configuration of (r)epstopdf for TeX Liv
e
))
LaTeX Info: Redefining \it@ocap on input line 135.
LaTeX Info: Redefining \it@ccap on input line 135.


File italian.ldf warning: 
italian.ldf    With OT1 encoding guillemets are poorly faked
italian.ldf    Use T1 encoding
italian.ldf    or specify a font with command \CaporaliFrom
italian.ldf    See the documentation concerning the babel-italian typesetting
italian.ldf    on input line 135.

Package caption Info: Begin \AtBeginDocument code.
Package caption Info: hyperref package is loaded.
Package caption Info: listings package is loaded.
Package caption Info: End \AtBeginDocument code.
Package hyperref Info: Link coloring ON on input line 135.
(./main.out) (./main.out)
\@outlinefile=\write4
\openout4 = `main.out'.

\c@lstlisting=\count392


LaTeX Warning: File `Images/unifi.png' not found on input line 143.


! Package pdftex.def Error: File `Images/unifi.png' not found: using draft sett
ing.

See the pdftex.def package documentation for explanation.
Type  H <return>  for immediate help.
 ...                                              
                                                  
l.143 ...ludegraphics[width=5cm]{Images/unifi.png}
                                                   % Assicurati che l'immagi...

Try typing  <return>  to proceed.
If that doesn't work, type  X <return>  to quit.


LaTeX Font Warning: Font shape `OT1/cmr/m/n' in size <18> not available
(Font)              size <17.28> substituted on input line 147.


LaTeX Font Warning: Font shape `OT1/cmr/m/sc' in size <18> not available
(Font)              size <17.28> substituted on input line 147.


Underfull \hbox (badness 10000) in paragraph at lines 163--167

 []

[1

{/Users/vernias/Library/texlive/2026basic/texmf-var/fonts/map/pdftex/updmap/pdf
tex.map}] [2]
LaTeX Font Info:    Trying to load font information for U+msa on input line 193
.

(/usr/local/texlive/2026basic/texmf-dist/tex/latex/amsfonts/umsa.fd
File: umsa.fd 2013/01/14 v3.01 AMS symbols A
)
LaTeX Font Info:    Trying to load font information for U+msb on input line 193
.

(/usr/local/texlive/2026basic/texmf-dist/tex/latex/amsfonts/umsb.fd
File: umsb.fd 2013/01/14 v3.01 AMS symbols B
)
(./main.toc)
\tf@toc=\write5
\openout5 = `main.toc'.

 [3] [4

]
Underfull \vbox (badness 1072) has occurred while \output is active []

 [5]
[6]

LaTeX Warning: File `Images/Scenario.png' not found on input line 262.


! Package pdftex.def Error: File `Images/Scenario.png' not found: using draft s
etting.

See the pdftex.def package documentation for explanation.
Type  H <return>  for immediate help.
 ...                                              
                                                  
l.262 ...width=0.9\textwidth]{Images/Scenario.png}
                                                  
Try typing  <return>  to proceed.
If that doesn't work, type  X <return>  to quit.

[7]

LaTeX Warning: File `Images/grafico_Eij.png' not found on input line 297.


! Package pdftex.def Error: File `Images/grafico_Eij.png' not found: using draf
t setting.

See the pdftex.def package documentation for explanation.
Type  H <return>  for immediate help.
 ...                                              
                                                  
l.297 ...th=0.8\textwidth]{Images/grafico_Eij.png}
                                                  
Try typing  <return>  to proceed.
If that doesn't work, type  X <return>  to quit.


Underfull \vbox (badness 10000) has occurred while \output is active []

 [8]
[9]

LaTeX Warning: File `Images/graficoSig.png' not found on input line 338.


! Package pdftex.def Error: File `Images/graficoSig.png' not found: using draft
 setting.

See the pdftex.def package documentation for explanation.
Type  H <return>  for immediate help.
 ...                                              
                                                  
l.338 ...dth=0.7\textwidth]{Images/graficoSig.png}
                                                  
Try typing  <return>  to proceed.
If that doesn't work, type  X <return>  to quit.


Underfull \vbox (badness 10000) has occurred while \output is active []

 [10]
[11] [12]

LaTeX Warning: File `Images/gradient_ascent_example.png' not found on input lin
e 383.


! Package pdftex.def Error: File `Images/gradient_ascent_example.png' not found
: using draft setting.

See the pdftex.def package documentation for explanation.
Type  H <return>  for immediate help.
 ...                                              
                                                  
l.383 ...idth]{Images/gradient_ascent_example.png}
                                                  
Try typing  <return>  to proceed.
If that doesn't work, type  X <return>  to quit.


Underfull \vbox (badness 10000) has occurred while \output is active []

 [13]
[14]
Underfull \hbox (badness 10000) in paragraph at lines 419--420

 []


Underfull \hbox (badness 10000) in paragraph at lines 421--422

 []


Underfull \hbox (badness 10000) in paragraph at lines 423--424

 []

[15]
Underfull \hbox (badness 10000) in paragraph at lines 454--455

 []


Underfull \hbox (badness 10000) in paragraph at lines 456--457

 []

[16]
Underfull \hbox (badness 10000) in paragraph at lines 482--483

 []


LaTeX Warning: File `Images/Brownian_motion_components.png' not found on input 
line 487.


! Package pdftex.def Error: File `Images/Brownian_motion_components.png' not fo
und: using draft setting.

See the pdftex.def package documentation for explanation.
Type  H <return>  for immediate help.
 ...                                              
                                                  
l.487 ...h]{Images/Brownian_motion_components.png}
                                                  
Try typing  <return>  to proceed.
If that doesn't work, type  X <return>  to quit.


Underfull \vbox (badness 10000) has occurred while \output is active []

 [17]
[18]
Underfull \hbox (badness 10000) in paragraph at lines 538--539

 []

[19]

LaTeX Warning: File `Images/intensPotRep.png' not found on input line 548.


! Package pdftex.def Error: File `Images/intensPotRep.png' not found: using dra
ft setting.

See the pdftex.def package documentation for explanation.
Type  H <return>  for immediate help.
 ...                                              
                                                  
l.548 ...dth=1\textwidth]{Images/intensPotRep.png}
                                                  
Try typing  <return>  to proceed.
If that doesn't work, type  X <return>  to quit.

[20] [21]

LaTeX Warning: File `Images/pathCodice.png' not found on input line 579.


! Package pdftex.def Error: File `Images/pathCodice.png' not found: using draft
 setting.

See the pdftex.def package documentation for explanation.
Type  H <return>  for immediate help.
 ...                                              
                                                  
l.579 ...ht=0.7\textheight]{Images/pathCodice.png}
                                                    % Inserisci la prima imm...

Try typing  <return>  to proceed.
If that doesn't work, type  X <return>  to quit.


LaTeX Warning: File `Images/zoomAlgoritmi.png' not found on input line 586.


! Package pdftex.def Error: File `Images/zoomAlgoritmi.png' not found: using dr
aft setting.

See the pdftex.def package documentation for explanation.
Type  H <return>  for immediate help.
 ...                                              
                                                  
l.586 ...0.7\textheight]{Images/zoomAlgoritmi.png}
                                                    % Inserisci la seconda i...

Try typing  <return>  to proceed.
If that doesn't work, type  X <return>  to quit.


Overfull \hbox (18.67079pt too wide) in paragraph at lines 577--590
[][]   [] 
 []


Underfull \vbox (badness 10000) has occurred while \output is active []

 [22]

LaTeX Warning: File `Images/datasetTargets.png' not found on input line 605.


! Package pdftex.def Error: File `Images/datasetTargets.png' not found: using d
raft setting.

See the pdftex.def package documentation for explanation.
Type  H <return>  for immediate help.
 ...                                              
                                                  
l.605 ...h=1\textwidth]{Images/datasetTargets.png}
                                                  
Try typing  <return>  to proceed.
If that doesn't work, type  X <return>  to quit.


Underfull \vbox (badness 10000) has occurred while \output is active []

 [23]
\g__tcobox_out_iow=\write6
\openout6 = `main.listing'.


(/Users/vernias/Library/texmf/tex/latex/listings/lstlang1.sty
File: lstlang1.sty 2025/11/14 1.11b listings language file
) (./main.listing
LaTeX Font Info:    Font shape `OT1/cmtt/bx/n' in size <9> not available
(Font)              Font shape `OT1/cmtt/m/n' tried instead on input line 1.
) [24]
\openout6 = `main.listing'.

 (./main.listing)
\openout6 = `main.listing'.

 (./main.listing) [25] [26]
\openout6 = `main.listing'.

 (./main.listing) [27]
[28]
\openout6 = `main.listing'.

 (./main.listing)
\openout6 = `main.listing'.

 (./main.listing) [29

]
\openout6 = `main.listing'.

 (./main.listing)
\openout6 = `main.listing'.

 (./main.listing)
[30] [31] [32] [33] [34]
\openout6 = `main.listing'.

 (./main.listing) [35] [36

] [37] [38]

LaTeX Warning: File `Images/selectedTrajectories.png' not found on input line 1
057.


! Package pdftex.def Error: File `Images/selectedTrajectories.png' not found: u
sing draft setting.

See the pdftex.def package documentation for explanation.
Type  H <return>  for immediate help.
 ...                                              
                                                  
l.1057 ...twidth]{Images/selectedTrajectories.png}
                                                  
Try typing  <return>  to proceed.
If that doesn't work, type  X <return>  to quit.

[39]

LaTeX Warning: File `Images/initialAgentPositions.png' not found on input line 
1077.


! Package pdftex.def Error: File `Images/initialAgentPositions.png' not found: 
using draft setting.

See the pdftex.def package documentation for explanation.
Type  H <return>  for immediate help.
 ...                                              
                                                  
l.1077 ...width]{Images/initialAgentPositions.png}
                                                  
Try typing  <return>  to proceed.
If that doesn't work, type  X <return>  to quit.


LaTeX Warning: File `Images/trajectoriesWithAgentStartPoints.png' not found on 
input line 1086.


! Package pdftex.def Error: File `Images/trajectoriesWithAgentStartPoints.png' 
not found: using draft setting.

See the pdftex.def package documentation for explanation.
Type  H <return>  for immediate help.
 ...                                              
                                                  
l.1086 ...es/trajectoriesWithAgentStartPoints.png}
                                                  
Try typing  <return>  to proceed.
If that doesn't work, type  X <return>  to quit.


Underfull \vbox (badness 10000) has occurred while \output is active []

 [40]

LaTeX Warning: `h' float specifier changed to `ht'.


Underfull \vbox (badness 3568) has occurred while \output is active []

 [41]

LaTeX Warning: File `Images/finalTrajectoriesV1.png' not found on input line 11
44.


! Package pdftex.def Error: File `Images/finalTrajectoriesV1.png' not found: us
ing draft setting.

See the pdftex.def package documentation for explanation.
Type  H <return>  for immediate help.
 ...                                              
                                                  
l.1144 ...xtwidth]{Images/finalTrajectoriesV1.png}
                                                  
Try typing  <return>  to proceed.
If that doesn't work, type  X <return>  to quit.


Underfull \vbox (badness 10000) has occurred while \output is active []

 [42]

LaTeX Warning: File `Images/finalTrajectoriesV2.png' not found on input line 11
51.


! Package pdftex.def Error: File `Images/finalTrajectoriesV2.png' not found: us
ing draft setting.

See the pdftex.def package documentation for explanation.
Type  H <return>  for immediate help.
 ...                                              
                                                  
l.1151 ...xtwidth]{Images/finalTrajectoriesV2.png}
                                                  
Try typing  <return>  to proceed.
If that doesn't work, type  X <return>  to quit.


Underfull \vbox (badness 10000) has occurred while \output is active []

 [43]

LaTeX Warning: File `Images/finalTrajectoriesV3.png' not found on input line 11
58.


! Package pdftex.def Error: File `Images/finalTrajectoriesV3.png' not found: us
ing draft setting.

See the pdftex.def package documentation for explanation.
Type  H <return>  for immediate help.
 ...                                              
                                                  
l.1158 ...xtwidth]{Images/finalTrajectoriesV3.png}
                                                  
Try typing  <return>  to proceed.
If that doesn't work, type  X <return>  to quit.


Underfull \vbox (badness 10000) has occurred while \output is active []

 [44]
[45]

LaTeX Warning: File `Images/V1_totalCoverageIndexOverTime.png' not found on inp
ut line 1176.


! Package pdftex.def Error: File `Images/V1_totalCoverageIndexOverTime.png' not
 found: using draft setting.

See the pdftex.def package documentation for explanation.
Type  H <return>  for immediate help.
 ...                                              
                                                  
l.1176 ...mages/V1_totalCoverageIndexOverTime.png}
                                                  
Try typing  <return>  to proceed.
If that doesn't work, type  X <return>  to quit.


LaTeX Warning: File `Images/V2_totalCoverageIndexOverTime.png' not found on inp
ut line 1183.


! Package pdftex.def Error: File `Images/V2_totalCoverageIndexOverTime.png' not
 found: using draft setting.

See the pdftex.def package documentation for explanation.
Type  H <return>  for immediate help.
 ...                                              
                                                  
l.1183 ...mages/V2_totalCoverageIndexOverTime.png}
                                                  
Try typing  <return>  to proceed.
If that doesn't work, type  X <return>  to quit.


Underfull \vbox (badness 10000) has occurred while \output is active []

 [46]

LaTeX Warning: File `Images/V3_totalCoverageIndexOverTime.png' not found on inp
ut line 1190.


! Package pdftex.def Error: File `Images/V3_totalCoverageIndexOverTime.png' not
 found: using draft setting.

See the pdftex.def package documentation for explanation.
Type  H <return>  for immediate help.
 ...                                              
                                                  
l.1190 ...mages/V3_totalCoverageIndexOverTime.png}
                                                  
Try typing  <return>  to proceed.
If that doesn't work, type  X <return>  to quit.


Underfull \vbox (badness 10000) has occurred while \output is active []

 [47]
[48]

LaTeX Warning: File `Images/finalSetWithRadius.png' not found on input line 125
7.


! Package pdftex.def Error: File `Images/finalSetWithRadius.png' not found: usi
ng draft setting.

See the pdftex.def package documentation for explanation.
Type  H <return>  for immediate help.
 ...                                              
                                                  
l.1257 ...extwidth]{Images/finalSetWithRadius.png}
                                                  
Try typing  <return>  to proceed.
If that doesn't work, type  X <return>  to quit.


Underfull \vbox (badness 10000) has occurred while \output is active []

 [49]
[50]

LaTeX Warning: File `Images/MP1_finalTrajectoriesV1.png' not found on input lin
e 1290.


! Package pdftex.def Error: File `Images/MP1_finalTrajectoriesV1.png' not found
: using draft setting.

See the pdftex.def package documentation for explanation.
Type  H <return>  for immediate help.
 ...                                              
                                                  
l.1290 ...dth]{Images/MP1_finalTrajectoriesV1.png}
                                                  
Try typing  <return>  to proceed.
If that doesn't work, type  X <return>  to quit.


LaTeX Warning: File `Images/MP1_finalTrajectoriesV2.png' not found on input lin
e 1297.


! Package pdftex.def Error: File `Images/MP1_finalTrajectoriesV2.png' not found
: using draft setting.

See the pdftex.def package documentation for explanation.
Type  H <return>  for immediate help.
 ...                                              
                                                  
l.1297 ...dth]{Images/MP1_finalTrajectoriesV2.png}
                                                  
Try typing  <return>  to proceed.
If that doesn't work, type  X <return>  to quit.


Underfull \vbox (badness 10000) has occurred while \output is active []

 [51]

LaTeX Warning: File `Images/MP1_finalTrajectoriesV3.png' not found on input lin
e 1304.


! Package pdftex.def Error: File `Images/MP1_finalTrajectoriesV3.png' not found
: using draft setting.

See the pdftex.def package documentation for explanation.
Type  H <return>  for immediate help.
 ...                                              
                                                  
l.1304 ...dth]{Images/MP1_finalTrajectoriesV3.png}
                                                  
Try typing  <return>  to proceed.
If that doesn't work, type  X <return>  to quit.


Underfull \vbox (badness 10000) has occurred while \output is active []

 [52]

LaTeX Warning: File `Images/MP1_finalSetWithRadius.png' not found on input line
 1319.


! Package pdftex.def Error: File `Images/MP1_finalSetWithRadius.png' not found:
 using draft setting.

See the pdftex.def package documentation for explanation.
Type  H <return>  for immediate help.
 ...                                              
                                                  
l.1319 ...idth]{Images/MP1_finalSetWithRadius.png}
                                                  
Try typing  <return>  to proceed.
If that doesn't work, type  X <return>  to quit.


Underfull \vbox (badness 10000) has occurred while \output is active []

 [53]
Underfull \vbox (badness 10000) has occurred while \output is active []

 [54]

LaTeX Warning: File `Images/MP1_V1_totalCoverageIndexOverTime.png' not found on
 input line 1370.


! Package pdftex.def Error: File `Images/MP1_V1_totalCoverageIndexOverTime.png'
 not found: using draft setting.

See the pdftex.def package documentation for explanation.
Type  H <return>  for immediate help.
 ...                                              
                                                  
l.1370 ...s/MP1_V1_totalCoverageIndexOverTime.png}
                                                  
Try typing  <return>  to proceed.
If that doesn't work, type  X <return>  to quit.


Underfull \vbox (badness 10000) has occurred while \output is active []

 [55]

LaTeX Warning: File `Images/MP1_V2_totalCoverageIndexOverTime.png' not found on
 input line 1377.


! Package pdftex.def Error: File `Images/MP1_V2_totalCoverageIndexOverTime.png'
 not found: using draft setting.

See the pdftex.def package documentation for explanation.
Type  H <return>  for immediate help.
 ...                                              
                                                  
l.1377 ...s/MP1_V2_totalCoverageIndexOverTime.png}
                                                  
Try typing  <return>  to proceed.
If that doesn't work, type  X <return>  to quit.


Underfull \vbox (badness 10000) has occurred while \output is active []

 [56]

LaTeX Warning: File `Images/MP1_V3_totalCoverageIndexOverTime.png' not found on
 input line 1384.


! Package pdftex.def Error: File `Images/MP1_V3_totalCoverageIndexOverTime.png'
 not found: using draft setting.

See the pdftex.def package documentation for explanation.
Type  H <return>  for immediate help.
 ...                                              
                                                  
l.1384 ...s/MP1_V3_totalCoverageIndexOverTime.png}
                                                  
Try typing  <return>  to proceed.
If that doesn't work, type  X <return>  to quit.


Underfull \vbox (badness 10000) has occurred while \output is active []

 [57]
[58] [59] [60]
Underfull \hbox (badness 1009) in paragraph at lines 1461--1464
\OT1/cmr/m/n/10 sing net-works," in IEEE Tran-sac-tions on Ro-bo-tics and Au-to
-ma-tion, vol. 20, no. 2,
 []


Underfull \hbox (badness 1931) in paragraph at lines 1461--1464
\OT1/cmr/m/n/10 pp. 243-255, April 2004, doi: 10.1109/TRA.2004.824698. key-word
s: Sen-sor phe-no-
 []


Underfull \hbox (badness 1546) in paragraph at lines 1461--1464
\OT1/cmr/m/n/10 me-na and cha-rac-te-ri-za-tion;Remotely ope-ra-ted ve-hi-cles;
Mobile ro-bo-ts;Temperature sen-
 []


Underfull \hbox (badness 1472) in paragraph at lines 1461--1464
\OT1/cmr/m/n/10 sors;Biosensors;Animals;Optimization me-thods;Partitioning al-g
o-ri-thms;Prototypes;Infrared
 []


Underfull \hbox (badness 1571) in paragraph at lines 1471--1473
\OT1/cmr/m/n/10 men-ts. IFAC Pro-cee-dings Vo-lu-mes. 41. 4180-4185. 10.3182/20
080706-5-KR-1001.00703.
 []


Underfull \hbox (badness 10000) in paragraph at lines 1471--1473
[][]$\OT1/cmtt/m/n/10 https : / / www . researchgate . net / publication / 2549
95455 _ Coverage _ Control _ with _
 []


Underfull \hbox (badness 4832) in paragraph at lines 1479--1481
[]\OT1/cmr/m/n/10 Stipanovi^^Sc, D.M., Ho-kayem, P.F., Spong, M.W., & []Siljak,
 D.D. (2007). Coo-
 []


Underfull \hbox (badness 10000) in paragraph at lines 1479--1481
\OT1/cmr/m/n/10 pe-ra-ti-ve avoi-dan-ce con-trol for multi-agent sy-stems. \OT1
/cmr/m/it/10 Jour-nal of Dy-na-mic Sy-
 []


Underfull \hbox (badness 10000) in paragraph at lines 1479--1481
\OT1/cmr/m/it/10 stems, Mea-su-re-ment, and Con-trol\OT1/cmr/m/n/10 , 129, 699-
707. doi:10.1115/1.2764502. [][]$\OT1/cmtt/m/n/10 https :
 []


Underfull \hbox (badness 10000) in paragraph at lines 1479--1481
\OT1/cmtt/m/n/10 / / asmedigitalcollection . asme . org / dynamicsystems / arti
cle-[]abstract / 129 / 5 / 699 /
 []


Underfull \hbox (badness 10000) in paragraph at lines 1495--1497
[][]$\OT1/cmtt/m/n/10 https : / / www . ingentaconnect . com / contentone / asp
 / jcies / 2012 / 00000001 / 00000001 /
 []

[61]
Underfull \hbox (badness 10000) in paragraph at lines 1507--1509
[][]$\OT1/cmtt/m/n/10 https : / / www . researchgate . net / publication / 4508
7275 _ Behaviour _ Study _ of _ a _
 []


Overfull \hbox (54.01027pt too wide) in paragraph at lines 1521--1523
[][]$\OT1/cmtt/m/n/10 https : / / www . crcpress . com / Numerical-[]Methods-[]
for-[]Engineers-[]and-[]Scientists-[]Second-[]Edition /
 []


Underfull \hbox (badness 10000) in paragraph at lines 1524--1526
[][]$\OT1/cmtt/m/n/10 https : / / www . wiley . com / en-[]us / An + Introducti
on + to + Numerical + Methods + and +
 []


Underfull \hbox (badness 7722) in paragraph at lines 1537--1538
[]\OT1/cmr/m/n/10 T. H. Cor-men, C. E. Lei-ser-son, R. L. Ri-ve-st, and C. Stei
n, \OT1/cmr/m/it/10 In-tro-duc-tion
 []


Underfull \hbox (badness 10000) in paragraph at lines 1537--1538
\OT1/cmr/m/it/10 to Al-go-ri-thms\OT1/cmr/m/n/10 , 3rd ed. MIT Press, 2009. [][
]$\OT1/cmtt/m/n/10 https : / / mitpress . mit . edu / books /
 []

[62]
Underfull \hbox (badness 2990) in paragraph at lines 1547--1548
[]\OT1/cmr/m/n/10 K. Chua et al., "Deep rein-for-ce-ment lear-ning in a han-d-f
ul of trials using pro-
 []


Underfull \hbox (badness 10000) in paragraph at lines 1547--1548
\OT1/cmr/m/n/10 ba-bi-li-stic dy-na-mics mo-dels," \OT1/cmr/m/it/10 Ad-van-ces 
in Neu-ral In-for-ma-tion Pro-ces-sing Sy-
 []


Underfull \hbox (badness 10000) in paragraph at lines 1547--1548
\OT1/cmr/m/it/10 stems\OT1/cmr/m/n/10 , vol. 31, 2018. [][]$\OT1/cmtt/m/n/10 ht
tps : / / proceedings . neurips . cc / paper / 2018 / file /
 []

[63]
Underfull \vbox (badness 10000) has occurred while \output is active []

 [64]
Underfull \vbox (badness 10000) has occurred while \output is active []

 [65]
LaTeX Font Info:    Trying to load font information for U+fontawesometwo on inp
ut line 1665.

(/Users/vernias/Library/texmf/tex/latex/fontawesome/ufontawesometwo.fd
File: ufontawesometwo.fd 2016/05/22 Font definitions for U/fontawesometwo.
)

LaTeX Font Warning: Font shape `U/fontawesometwo/m/it' undefined
(Font)              using `U/fontawesometwo/m/n' instead on input line 1665.

[66{/Users/vernias/Library/texmf/fonts/enc/dvips/fontawesome/fontawesometwo.enc
}] [67] [68] [69] (./main.aux)
 ***********
LaTeX2e <2025-11-01>
L3 programming layer <2026-01-19>
 ***********


LaTeX Font Warning: Size substitutions with differences
(Font)              up to 0.72pt have occurred.


LaTeX Font Warning: Some font shapes were not available, defaults substituted.

Package rerunfilecheck Info: File `main.out' has not changed.
(rerunfilecheck)             Checksum: 48BF13D196EA8EECB4EEE03EB7B87483;5050.
 ) 
Here is how much of TeX's memory you used:
 37092 strings out of 469006
 714200 string characters out of 5454814
 1414451 words of memory out of 5000000
 64894 multiletter control sequences out of 15000+600000
 635334 words of font info for 69 fonts, out of 8000000 for 9000
 319 hyphenation exceptions out of 8191
 84i,15n,94p,1564b,1817s stack positions out of 10000i,1000n,20000p,200000b,200000s
 </Users/vernias/Library/texlive/2026basic/texmf-var/fonts/pk/ljfour/jknappen
/ec/tcrm1000.600pk></Users/vernias/Library/texmf/fonts/type1/public/fontawesome
/FontAwesome.pfb></usr/local/texlive/2026basic/texmf-dist/fonts/type1/public/am
sfonts/cm/cmbx10.pfb></usr/local/texlive/2026basic/texmf-dist/fonts/type1/publi
c/amsfonts/cm/cmbx12.pfb></usr/local/texlive/2026basic/texmf-dist/fonts/type1/p
ublic/amsfonts/cm/cmbx7.pfb></usr/local/texlive/2026basic/texmf-dist/fonts/type
1/public/amsfonts/cm/cmbxti10.pfb></usr/local/texlive/2026basic/texmf-dist/font
s/type1/public/amsfonts/cm/cmcsc10.pfb></usr/local/texlive/2026basic/texmf-dist
/fonts/type1/public/amsfonts/cm/cmex10.pfb></usr/local/texlive/2026basic/texmf-
dist/fonts/type1/public/amsfonts/cm/cmitt10.pfb></usr/local/texlive/2026basic/t
exmf-dist/fonts/type1/public/amsfonts/cm/cmmi10.pfb></usr/local/texlive/2026bas
ic/texmf-dist/fonts/type1/public/amsfonts/cm/cmmi5.pfb></usr/local/texlive/2026
basic/texmf-dist/fonts/type1/public/amsfonts/cm/cmmi7.pfb></usr/local/texlive/2
026basic/texmf-dist/fonts/type1/public/amsfonts/cm/cmr10.pfb></usr/local/texliv
e/2026basic/texmf-dist/fonts/type1/public/amsfonts/cm/cmr12.pfb></usr/local/tex
live/2026basic/texmf-dist/fonts/type1/public/amsfonts/cm/cmr5.pfb></usr/local/t
exlive/2026basic/texmf-dist/fonts/type1/public/amsfonts/cm/cmr7.pfb></usr/local
/texlive/2026basic/texmf-dist/fonts/type1/public/amsfonts/cm/cmsy10.pfb></usr/l
ocal/texlive/2026basic/texmf-dist/fonts/type1/public/amsfonts/cm/cmsy7.pfb></us
r/local/texlive/2026basic/texmf-dist/fonts/type1/public/amsfonts/cm/cmti10.pfb>
</usr/local/texlive/2026basic/texmf-dist/fonts/type1/public/amsfonts/cm/cmtt10.
pfb></usr/local/texlive/2026basic/texmf-dist/fonts/type1/public/amsfonts/cm/cmt
t9.pfb></usr/local/texlive/2026basic/texmf-dist/fonts/type1/public/amsfonts/sym
bols/msbm10.pfb>
Output written on main.pdf (69 pages, 416357 bytes).
PDF statistics:
 1059 PDF objects out of 1200 (max. 8388607)
 933 compressed objects within 10 object streams
 347 named destinations out of 1000 (max. 500000)
 229 words of extra memory for PDF output out of 10000 (max. 10000000)

