\BOOKMARK [1][-]{figure.caption.1}{\376\377\000I\000n\000t\000r\000o\000d\000u\000z\000i\000o\000n\000e}{}% 1
\BOOKMARK [1][-]{section.1}{\376\377\000D\000e\000s\000c\000r\000i\000z\000i\000o\000n\000e\000\040\000d\000e\000l\000\040\000p\000r\000o\000b\000l\000e\000m\000a}{}% 2
\BOOKMARK [2][-]{subsection.1.1}{\376\377\000F\000o\000r\000m\000u\000l\000a\000z\000i\000o\000n\000e\000\040\000m\000a\000t\000e\000m\000a\000t\000i\000c\000a\000\040\000d\000e\000l\000\040\000p\000r\000o\000b\000l\000e\000m\000a}{section.1}% 3
\BOOKMARK [2][-]{subsection.1.2}{\376\377\000S\000o\000l\000u\000z\000i\000o\000n\000i\000\040\000p\000r\000o\000p\000o\000s\000t\000e}{section.1}% 4
\BOOKMARK [1][-]{section.2}{\376\377\000A\000l\000g\000o\000r\000i\000t\000m\000i}{}% 5
\BOOKMARK [2][-]{subsection.2.1}{\376\377\000A\000l\000g\000o\000r\000i\000t\000m\000o\000\040\000d\000i\000\040\000c\000o\000v\000e\000r\000a\000g\000e\000\040\000V\0001\000:\000\040\000a\000l\000g\000o\000r\000i\000t\000m\000o\000\040\000d\000i\000\040\000a\000s\000c\000e\000s\000a\000\040\000d\000e\000l\000\040\000g\000r\000a\000d\000i\000e\000n\000t\000e\000\040\000c\000l\000a\000s\000s\000i\000c\000o}{section.2}% 6
\BOOKMARK [2][-]{subsection.2.2}{\376\377\000A\000l\000g\000o\000r\000i\000t\000m\000o\000\040\000V\0002\000:\000\040\000a\000g\000g\000i\000u\000n\000t\000a\000\040\000d\000i\000\040\000u\000n\000\040\000m\000o\000t\000o\000\040\000B\000r\000o\000w\000n\000i\000a\000n\000o}{section.2}% 7
\BOOKMARK [2][-]{subsection.2.3}{\376\377\000A\000l\000g\000o\000r\000i\000t\000m\000o\000\040\000V\0003\000:\000\040\000a\000g\000g\000i\000u\000n\000t\000a\000\040\000d\000i\000\040\000u\000n\000\040\000p\000o\000t\000e\000n\000z\000i\000a\000l\000e\000\040\000r\000e\000p\000u\000l\000s\000i\000v\000o}{section.2}% 8
\BOOKMARK [1][-]{section.3}{\376\377\000I\000m\000p\000l\000e\000m\000e\000n\000t\000a\000z\000i\000o\000n\000e\000\040\000d\000e\000g\000l\000i\000\040\000a\000l\000g\000o\000r\000i\000t\000m\000i}{}% 9
\BOOKMARK [2][-]{subsection.3.1}{\376\377\000O\000p\000e\000r\000a\000z\000i\000o\000n\000i\000\040\000p\000r\000e\000l\000i\000m\000i\000n\000a\000r\000i}{section.3}% 10
\BOOKMARK [2][-]{subsection.3.2}{\376\377\000D\000e\000s\000c\000r\000i\000z\000i\000o\000n\000e\000\040\000d\000e\000l\000\040\000c\000o\000d\000i\000c\000e\000\040\000\050\000e\000\040\000t\000a\000b\000e\000l\000l\000e\000\040\000c\000o\000n\000\040\000p\000s\000e\000u\000d\000o\000c\000o\000d\000i\000c\000e\000\051}{section.3}% 11
\BOOKMARK [3][-]{subsubsection.3.2.1}{\376\377\000V\000e\000r\000s\000i\000o\000n\000e\000\040\0001}{subsection.3.2}% 12
\BOOKMARK [3][-]{subsubsection.3.2.2}{\376\377\000V\000e\000r\000s\000i\000o\000n\000e\000\040\0002}{subsection.3.2}% 13
\BOOKMARK [3][-]{subsubsection.3.2.3}{\376\377\000V\000e\000r\000s\000i\000o\000n\000e\000\040\0003}{subsection.3.2}% 14
\BOOKMARK [2][-]{subsection.3.3}{\376\377\000L\000i\000b\000r\000e\000r\000i\000e\000\040\000P\000y\000t\000h\000o\000n\000\040\000u\000t\000i\000l\000i\000z\000z\000a\000t\000e}{section.3}% 15
\BOOKMARK [3][-]{subsubsection.3.3.1}{\376\377\000N\000u\000m\000P\000y}{subsection.3.3}% 16
\BOOKMARK [3][-]{subsubsection.3.3.2}{\376\377\000P\000i\000c\000k\000l\000e}{subsection.3.3}% 17
\BOOKMARK [3][-]{subsubsection.3.3.3}{\376\377\000M\000a\000t\000p\000l\000o\000t\000l\000i\000b}{subsection.3.3}% 18
\BOOKMARK [3][-]{subsubsection.3.3.4}{\376\377\000P\000y\000t\000o\000r\000c\000h}{subsection.3.3}% 19
\BOOKMARK [1][-]{section.4}{\376\377\000S\000i\000m\000u\000l\000a\000z\000i\000o\000n\000e\000\040\000e\000\040\000d\000i\000s\000c\000u\000s\000s\000i\000o\000n\000e\000\040\000d\000e\000i\000\040\000r\000i\000s\000u\000l\000t\000a\000t\000i}{}% 20
\BOOKMARK [2][-]{subsection.4.1}{\376\377\000S\000e\000t\000t\000i\000n\000g\000\040\000d\000e\000i\000\040\000p\000a\000r\000a\000m\000e\000t\000r\000i\000\040\000i\000n\000i\000z\000i\000a\000l\000i}{section.4}% 21
\BOOKMARK [2][-]{subsection.4.2}{\376\377\000A\000n\000a\000l\000i\000s\000i\000\040\000d\000e\000l\000l\000e\000\040\000o\000p\000e\000r\000a\000z\000i\000o\000n\000i\000\040\000p\000r\000e\000l\000i\000m\000i\000n\000a\000r\000i}{section.4}% 22
\BOOKMARK [2][-]{subsection.4.3}{\376\377\000A\000n\000a\000l\000i\000s\000i\000\040\000e\000\040\000g\000r\000a\000f\000i\000c\000i\000\040\000d\000e\000i\000\040\000d\000a\000t\000i\000\040\000s\000p\000e\000r\000i\000m\000e\000n\000t\000a\000l\000i}{section.4}% 23
\BOOKMARK [2][-]{subsection.4.4}{\376\377\000R\000i\000c\000h\000i\000e\000s\000t\000a\000\040\000d\000i\000\040\000c\000o\000v\000e\000r\000a\000g\000e\000\040\000m\000e\000n\000o\000\040\000r\000e\000s\000t\000r\000i\000t\000t\000i\000v\000a}{section.4}% 24
\BOOKMARK [1][-]{figure.caption.32}{\376\377\000C\000o\000n\000c\000l\000u\000s\000i\000o\000n\000i}{}% 25
\BOOKMARK [1][-]{section*.33}{\376\377\000B\000i\000b\000l\000i\000o\000g\000r\000a\000f\000i\000a}{}% 26
\BOOKMARK [1][-]{section*.33}{\376\377\000R\000i\000n\000g\000r\000a\000z\000i\000a\000m\000e\000n\000t\000i}{}% 27
